F:\eclipse\workspace\Evolvo\src\org\maloi\evolvo\aspects\TiledImageCallLogger.java
F:\eclipse\workspace\Evolvo\src\org\maloi\evolvo\debugtools\CallLogger.java
F:\eclipse\workspace\Evolvo\src\org\maloi\evolvo\Evolvo.java
F:\eclipse\workspace\Evolvo\src\org\maloi\evolvo\expressiontree\ExpressionTree.java
F:\eclipse\workspace\Evolvo\src\org\maloi\evolvo\expressiontree\mutator\Mutator.java
F:\eclipse\workspace\Evolvo\src\org\maloi\evolvo\expressiontree\mutator\MutatorList.java
F:\eclipse\workspace\Evolvo\src\org\maloi\evolvo\expressiontree\mutator\mutators\ArgumentToChildArgument.java
F:\eclipse\workspace\Evolvo\src\org\maloi\evolvo\expressiontree\mutator\mutators\BecomeArgument.java
F:\eclipse\workspace\Evolvo\src\org\maloi\evolvo\expressiontree\mutator\mutators\ChangeFunction.java
F:\eclipse\workspace\Evolvo\src\org\maloi\evolvo\expressiontree\mutator\mutators\ChangeToValue.java
F:\eclipse\workspace\Evolvo\src\org\maloi\evolvo\expressiontree\mutator\mutators\ChangeToVariable.java
F:\eclipse\workspace\Evolvo\src\org\maloi\evolvo\expressiontree\mutator\mutators\MutatorInterface.java
F:\eclipse\workspace\Evolvo\src\org\maloi\evolvo\expressiontree\mutator\mutators\NewArgument.java
F:\eclipse\workspace\Evolvo\src\org\maloi\evolvo\expressiontree\mutator\mutators\NewExpression.java
F:\eclipse\workspace\Evolvo\src\org\maloi\evolvo\expressiontree\mutator\mutators\ScalarChangeValue.java
F:\eclipse\workspace\Evolvo\src\org\maloi\evolvo\expressiontree\operators\OperatorInterface.java
F:\eclipse\workspace\Evolvo\src\org\maloi\evolvo\expressiontree\operators\OperatorList.java
F:\eclipse\workspace\Evolvo\src\org\maloi\evolvo\expressiontree\operators\pseudo\SimpleTriplet.java
F:\eclipse\workspace\Evolvo\src\org\maloi\evolvo\expressiontree\operators\PseudoOperatorInterface.java
F:\eclipse\workspace\Evolvo\src\org\maloi\evolvo\expressiontree\operators\scalar\Absolute.java
F:\eclipse\workspace\Evolvo\src\org\maloi\evolvo\expressiontree\operators\scalar\Addition.java
F:\eclipse\workspace\Evolvo\src\org\maloi\evolvo\expressiontree\operators\scalar\And.java
F:\eclipse\workspace\Evolvo\src\org\maloi\evolvo\expressiontree\operators\scalar\Arccos.java
F:\eclipse\workspace\Evolvo\src\org\maloi\evolvo\expressiontree\operators\scalar\Arcsin.java
F:\eclipse\workspace\Evolvo\src\org\maloi\evolvo\expressiontree\operators\scalar\Arctan.java
F:\eclipse\workspace\Evolvo\src\org\maloi\evolvo\expressiontree\operators\scalar\Atan2.java
F:\eclipse\workspace\Evolvo\src\org\maloi\evolvo\expressiontree\operators\scalar\Beta.java
F:\eclipse\workspace\Evolvo\src\org\maloi\evolvo\expressiontree\operators\scalar\Ceil.java
F:\eclipse\workspace\Evolvo\src\org\maloi\evolvo\expressiontree\operators\scalar\Cosine.java
F:\eclipse\workspace\Evolvo\src\org\maloi\evolvo\expressiontree\operators\scalar\Division.java
F:\eclipse\workspace\Evolvo\src\org\maloi\evolvo\expressiontree\operators\scalar\DotProduct.java
F:\eclipse\workspace\Evolvo\src\org\maloi\evolvo\expressiontree\operators\scalar\Exponent.java
F:\eclipse\workspace\Evolvo\src\org\maloi\evolvo\expressiontree\operators\scalar\Floor.java
F:\eclipse\workspace\Evolvo\src\org\maloi\evolvo\expressiontree\operators\scalar\Ifs.java
F:\eclipse\workspace\Evolvo\src\org\maloi\evolvo\expressiontree\operators\scalar\Invert.java
F:\eclipse\workspace\Evolvo\src\org\maloi\evolvo\expressiontree\operators\scalar\Magnitude.java
F:\eclipse\workspace\Evolvo\src\org\maloi\evolvo\expressiontree\operators\scalar\Mandel.java
F:\eclipse\workspace\Evolvo\src\org\maloi\evolvo\expressiontree\operators\scalar\Maximum.java
F:\eclipse\workspace\Evolvo\src\org\maloi\evolvo\expressiontree\operators\scalar\Minimum.java
F:\eclipse\workspace\Evolvo\src\org\maloi\evolvo\expressiontree\operators\scalar\Multiplication.java
F:\eclipse\workspace\Evolvo\src\org\maloi\evolvo\expressiontree\operators\scalar\Mux3.java
F:\eclipse\workspace\Evolvo\src\org\maloi\evolvo\expressiontree\operators\scalar\Mux5.java
F:\eclipse\workspace\Evolvo\src\org\maloi\evolvo\expressiontree\operators\scalar\Noise.java
F:\eclipse\workspace\Evolvo\src\org\maloi\evolvo\expressiontree\operators\scalar\Not.java
F:\eclipse\workspace\Evolvo\src\org\maloi\evolvo\expressiontree\operators\scalar\Or.java
F:\eclipse\workspace\Evolvo\src\org\maloi\evolvo\expressiontree\operators\scalar\Remainder.java
F:\eclipse\workspace\Evolvo\src\org\maloi\evolvo\expressiontree\operators\scalar\Rint.java
F:\eclipse\workspace\Evolvo\src\org\maloi\evolvo\expressiontree\operators\scalar\Sine.java
F:\eclipse\workspace\Evolvo\src\org\maloi\evolvo\expressiontree\operators\scalar\Subtraction.java
F:\eclipse\workspace\Evolvo\src\org\maloi\evolvo\expressiontree\operators\scalar\WarpedNoise.java
F:\eclipse\workspace\Evolvo\src\org\maloi\evolvo\expressiontree\operators\scalar\Xor.java
F:\eclipse\workspace\Evolvo\src\org\maloi\evolvo\expressiontree\operators\triplet\CrossProduct.java
F:\eclipse\workspace\Evolvo\src\org\maloi\evolvo\expressiontree\operators\triplet\Scale.java
F:\eclipse\workspace\Evolvo\src\org\maloi\evolvo\expressiontree\operators\triplet\TripletAdd.java
F:\eclipse\workspace\Evolvo\src\org\maloi\evolvo\expressiontree\operators\triplet\TripletSubtract.java
F:\eclipse\workspace\Evolvo\src\org\maloi\evolvo\expressiontree\renderer\RendererInterface.java
F:\eclipse\workspace\Evolvo\src\org\maloi\evolvo\expressiontree\renderer\StandardRenderer.java
F:\eclipse\workspace\Evolvo\src\org\maloi\evolvo\expressiontree\renderer\TiledRenderer.java
F:\eclipse\workspace\Evolvo\src\org\maloi\evolvo\expressiontree\utilities\ExpressionTreeGenerator.java
F:\eclipse\workspace\Evolvo\src\org\maloi\evolvo\expressiontree\utilities\ExpressionTreeParser.java
F:\eclipse\workspace\Evolvo\src\org\maloi\evolvo\expressiontree\utilities\SyntaxErrorException.java
F:\eclipse\workspace\Evolvo\src\org\maloi\evolvo\expressiontree\utilities\Tools.java
F:\eclipse\workspace\Evolvo\src\org\maloi\evolvo\expressiontree\utilities\VariablePackage.java
F:\eclipse\workspace\Evolvo\src\org\maloi\evolvo\expressiontree\Value.java
F:\eclipse\workspace\Evolvo\src\org\maloi\evolvo\expressiontree\Variable.java
F:\eclipse\workspace\Evolvo\src\org\maloi\evolvo\expressiontree\vm\Instruction.java
F:\eclipse\workspace\Evolvo\src\org\maloi\evolvo\expressiontree\vm\Machine.java
F:\eclipse\workspace\Evolvo\src\org\maloi\evolvo\expressiontree\vm\Stack.java
F:\eclipse\workspace\Evolvo\src\org\maloi\evolvo\gui\AsyncImageIcon.java
F:\eclipse\workspace\Evolvo\src\org\maloi\evolvo\gui\CustomButtonGroup.java
F:\eclipse\workspace\Evolvo\src\org\maloi\evolvo\gui\CustomFileChooser.java
F:\eclipse\workspace\Evolvo\src\org\maloi\evolvo\gui\CustomProgressMonitor.java
F:\eclipse\workspace\Evolvo\src\org\maloi\evolvo\gui\DoubleBoundedRangeModel.java
F:\eclipse\workspace\Evolvo\src\org\maloi\evolvo\gui\DoubleField.java
F:\eclipse\workspace\Evolvo\src\org\maloi\evolvo\gui\DoubleFieldSlider.java
F:\eclipse\workspace\Evolvo\src\org\maloi\evolvo\gui\DoubleSlider.java
F:\eclipse\workspace\Evolvo\src\org\maloi\evolvo\gui\GenericFileFilter.java
F:\eclipse\workspace\Evolvo\src\org\maloi\evolvo\gui\ImageButtonPanel.java
F:\eclipse\workspace\Evolvo\src\org\maloi\evolvo\gui\ImagePanel.java
F:\eclipse\workspace\Evolvo\src\org\maloi\evolvo\gui\IntegerField.java
F:\eclipse\workspace\Evolvo\src\org\maloi\evolvo\gui\MacMenu.java
F:\eclipse\workspace\Evolvo\src\org\maloi\evolvo\gui\RenderFrame.java
F:\eclipse\workspace\Evolvo\src\org\maloi\evolvo\gui\RenderOptionsPanel.java
F:\eclipse\workspace\Evolvo\src\org\maloi\evolvo\gui\SettingsDialog.java
F:\eclipse\workspace\Evolvo\src\org\maloi\evolvo\gui\SplashWindow.java
F:\eclipse\workspace\Evolvo\src\org\maloi\evolvo\gui\SwingImagePanel.java
F:\eclipse\workspace\Evolvo\src\org\maloi\evolvo\gui\SystemConsole.java
F:\eclipse\workspace\Evolvo\src\org\maloi\evolvo\gui\TextDialog.java
F:\eclipse\workspace\Evolvo\src\org\maloi\evolvo\gui\TiledImagePanel.java
F:\eclipse\workspace\Evolvo\src\org\maloi\evolvo\gui\UnboundPositiveDoubleField.java
F:\eclipse\workspace\Evolvo\src\org\maloi\evolvo\image\TiledImage.java
F:\eclipse\workspace\Evolvo\src\org\maloi\evolvo\image\tiledimage\Tile.java
F:\eclipse\workspace\Evolvo\src\org\maloi\evolvo\image\tiledimage\TiledImageGraphics.java
F:\eclipse\workspace\Evolvo\src\org\maloi\evolvo\image\tiledimage\TiledImageInterface.java
F:\eclipse\workspace\Evolvo\src\org\maloi\evolvo\image\tiledimage\TiledRaster.java
F:\eclipse\workspace\Evolvo\src\org\maloi\evolvo\io\Exporter.java
F:\eclipse\workspace\Evolvo\src\org\maloi\evolvo\io\exporters\v1\ExporterInterface.java
F:\eclipse\workspace\Evolvo\src\org\maloi\evolvo\io\exporters\v1\ImageIOExporter.java
F:\eclipse\workspace\Evolvo\src\org\maloi\evolvo\io\exporters\v1\QuickTimeExporter.java
F:\eclipse\workspace\Evolvo\src\org\maloi\evolvo\io\GenotypeFileIO.java
F:\eclipse\workspace\Evolvo\src\org\maloi\evolvo\localization\MessageStrings.java
F:\eclipse\workspace\Evolvo\src\org\maloi\evolvo\resources\Constants.java
F:\eclipse\workspace\Evolvo\src\org\maloi\evolvo\resources\LicenseText.java
F:\eclipse\workspace\Evolvo\src\org\maloi\evolvo\settings\GlobalSettings.java
F:\eclipse\workspace\Evolvo\src\org\maloi\evolvo\test\Harness.java
F:\eclipse\workspace\Evolvo\src\org\maloi\evolvo\test\TestHSBtoRGB.java
F:\eclipse\workspace\Evolvo\src\org\maloi\evolvo\test\TestTreeFunctions.java
F:\eclipse\workspace\Evolvo\src\org\maloi\evolvo\test\TiledRasterTest.java
F:\eclipse\workspace\Evolvo\src\org\maloi\evolvo\test\TileTest.java
